block in append_cflags: checking for whether -I/mnt/c/Users/misha/Desktop/saldaw.github.io/vendor/bundle/ruby/3.2.0/gems/nokogiri-1.19.4-x86_64-linux-gnu/ext/nokogiri is accepted as CFLAGS... -------------------- yes

LD_LIBRARY_PATH=.:/usr/lib/x86_64-linux-gnu "x86_64-linux-gnu-gcc -o conftest -I/usr/include/x86_64-linux-gnu/ruby-3.2.0 -I/usr/include/ruby-3.2.0/ruby/backward -I/usr/include/ruby-3.2.0 -I. -Wdate-time -D_FORTIFY_SOURCE=3   -g -O2 -fno-omit-frame-pointer -mno-omit-leaf-frame-pointer -ffile-prefix-map=BUILDDIR=. -fstack-protector-strong -fstack-clash-protection -Wformat -Werror=format-security -fcf-protection -fdebug-prefix-map=BUILDDIR=/usr/src/ruby3.2-3.2.3-1ubuntu0.24.04.8 -fPIC -std=c99 conftest.c  -L. -L/usr/lib/x86_64-linux-gnu -L. -Wl,-Bsymbolic-functions -Wl,-z,relro -Wl,-z,now -fstack-protector-strong -rdynamic -Wl,-export-dynamic -Wl,--no-as-needed     -lruby-3.2  -lm -lpthread  -lc"
checked program was:
/* begin */
1: #include "ruby.h"
2: 
3: int main(int argc, char **argv)
4: {
5:   return !!argv[argc];
6: }
/* end */

LD_LIBRARY_PATH=.:/usr/lib/x86_64-linux-gnu "x86_64-linux-gnu-gcc -I/usr/include/x86_64-linux-gnu/ruby-3.2.0 -I/usr/include/ruby-3.2.0/ruby/backward -I/usr/include/ruby-3.2.0 -I. -Wdate-time -D_FORTIFY_SOURCE=3   -g -O2 -fno-omit-frame-pointer -mno-omit-leaf-frame-pointer -ffile-prefix-map=BUILDDIR=. -fstack-protector-strong -fstack-clash-protection -Wformat -Werror=format-security -fcf-protection -fdebug-prefix-map=BUILDDIR=/usr/src/ruby3.2-3.2.3-1ubuntu0.24.04.8 -fPIC -std=c99  -I/mnt/c/Users/misha/Desktop/saldaw.github.io/vendor/bundle/ruby/3.2.0/gems/nokogiri-1.19.4-x86_64-linux-gnu/ext/nokogiri -Werror -c conftest.c"
checked program was:
/* begin */
1: #include "ruby.h"
2: 
3: int main(int argc, char **argv)
4: {
5:   return !!argv[argc];
6: }
/* end */

--------------------

block in append_cflags: checking for whether -I/mnt/c/Users/misha/Desktop/saldaw.github.io/vendor/bundle/ruby/3.2.0/gems/nokogiri-1.19.4-x86_64-linux-gnu/ext/nokogiri/include is accepted as CFLAGS... -------------------- yes

LD_LIBRARY_PATH=.:/usr/lib/x86_64-linux-gnu "x86_64-linux-gnu-gcc -I/usr/include/x86_64-linux-gnu/ruby-3.2.0 -I/usr/include/ruby-3.2.0/ruby/backward -I/usr/include/ruby-3.2.0 -I. -Wdate-time -D_FORTIFY_SOURCE=3   -g -O2 -fno-omit-frame-pointer -mno-omit-leaf-frame-pointer -ffile-prefix-map=BUILDDIR=. -fstack-protector-strong -fstack-clash-protection -Wformat -Werror=format-security -fcf-protection -fdebug-prefix-map=BUILDDIR=/usr/src/ruby3.2-3.2.3-1ubuntu0.24.04.8 -fPIC -std=c99 -I/mnt/c/Users/misha/Desktop/saldaw.github.io/vendor/bundle/ruby/3.2.0/gems/nokogiri-1.19.4-x86_64-linux-gnu/ext/nokogiri  -I/mnt/c/Users/misha/Desktop/saldaw.github.io/vendor/bundle/ruby/3.2.0/gems/nokogiri-1.19.4-x86_64-linux-gnu/ext/nokogiri/include -Werror -c conftest.c"
checked program was:
/* begin */
1: #include "ruby.h"
2: 
3: int main(int argc, char **argv)
4: {
5:   return !!argv[argc];
6: }
/* end */

--------------------

block in append_cflags: checking for whether -I/mnt/c/Users/misha/Desktop/saldaw.github.io/vendor/bundle/ruby/3.2.0/gems/nokogiri-1.19.4-x86_64-linux-gnu/ext/nokogiri/include/libxml2 is accepted as CFLAGS... -------------------- yes

LD_LIBRARY_PATH=.:/usr/lib/x86_64-linux-gnu "x86_64-linux-gnu-gcc -I/usr/include/x86_64-linux-gnu/ruby-3.2.0 -I/usr/include/ruby-3.2.0/ruby/backward -I/usr/include/ruby-3.2.0 -I. -Wdate-time -D_FORTIFY_SOURCE=3   -g -O2 -fno-omit-frame-pointer -mno-omit-leaf-frame-pointer -ffile-prefix-map=BUILDDIR=. -fstack-protector-strong -fstack-clash-protection -Wformat -Werror=format-security -fcf-protection -fdebug-prefix-map=BUILDDIR=/usr/src/ruby3.2-3.2.3-1ubuntu0.24.04.8 -fPIC -std=c99 -I/mnt/c/Users/misha/Desktop/saldaw.github.io/vendor/bundle/ruby/3.2.0/gems/nokogiri-1.19.4-x86_64-linux-gnu/ext/nokogiri -I/mnt/c/Users/misha/Desktop/saldaw.github.io/vendor/bundle/ruby/3.2.0/gems/nokogiri-1.19.4-x86_64-linux-gnu/ext/nokogiri/include  -I/mnt/c/Users/misha/Desktop/saldaw.github.io/vendor/bundle/ruby/3.2.0/gems/nokogiri-1.19.4-x86_64-linux-gnu/ext/nokogiri/include/libxml2 -Werror -c conftest.c"
checked program was:
/* begin */
1: #include "ruby.h"
2: 
3: int main(int argc, char **argv)
4: {
5:   return !!argv[argc];
6: }
/* end */

--------------------

have_header: checking for libxml/tree.h... -------------------- yes

LD_LIBRARY_PATH=.:/usr/lib/x86_64-linux-gnu "x86_64-linux-gnu-gcc -I/usr/include/x86_64-linux-gnu/ruby-3.2.0 -I/usr/include/ruby-3.2.0/ruby/backward -I/usr/include/ruby-3.2.0 -I. -Wdate-time -D_FORTIFY_SOURCE=3   -g -O2 -fno-omit-frame-pointer -mno-omit-leaf-frame-pointer -ffile-prefix-map=BUILDDIR=. -fstack-protector-strong -fstack-clash-protection -Wformat -Werror=format-security -fcf-protection -fdebug-prefix-map=BUILDDIR=/usr/src/ruby3.2-3.2.3-1ubuntu0.24.04.8 -fPIC -std=c99 -I/mnt/c/Users/misha/Desktop/saldaw.github.io/vendor/bundle/ruby/3.2.0/gems/nokogiri-1.19.4-x86_64-linux-gnu/ext/nokogiri -I/mnt/c/Users/misha/Desktop/saldaw.github.io/vendor/bundle/ruby/3.2.0/gems/nokogiri-1.19.4-x86_64-linux-gnu/ext/nokogiri/include -I/mnt/c/Users/misha/Desktop/saldaw.github.io/vendor/bundle/ruby/3.2.0/gems/nokogiri-1.19.4-x86_64-linux-gnu/ext/nokogiri/include/libxml2   -c conftest.c"
checked program was:
/* begin */
1: #include "ruby.h"
2: 
3: #include <libxml/tree.h>
/* end */

--------------------

have_header: checking for nokogiri.h... -------------------- yes

LD_LIBRARY_PATH=.:/usr/lib/x86_64-linux-gnu "x86_64-linux-gnu-gcc -I/usr/include/x86_64-linux-gnu/ruby-3.2.0 -I/usr/include/ruby-3.2.0/ruby/backward -I/usr/include/ruby-3.2.0 -I. -Wdate-time -D_FORTIFY_SOURCE=3   -g -O2 -fno-omit-frame-pointer -mno-omit-leaf-frame-pointer -ffile-prefix-map=BUILDDIR=. -fstack-protector-strong -fstack-clash-protection -Wformat -Werror=format-security -fcf-protection -fdebug-prefix-map=BUILDDIR=/usr/src/ruby3.2-3.2.3-1ubuntu0.24.04.8 -fPIC -std=c99 -I/mnt/c/Users/misha/Desktop/saldaw.github.io/vendor/bundle/ruby/3.2.0/gems/nokogiri-1.19.4-x86_64-linux-gnu/ext/nokogiri -I/mnt/c/Users/misha/Desktop/saldaw.github.io/vendor/bundle/ruby/3.2.0/gems/nokogiri-1.19.4-x86_64-linux-gnu/ext/nokogiri/include -I/mnt/c/Users/misha/Desktop/saldaw.github.io/vendor/bundle/ruby/3.2.0/gems/nokogiri-1.19.4-x86_64-linux-gnu/ext/nokogiri/include/libxml2   -c conftest.c"
checked program was:
/* begin */
1: #include "ruby.h"
2: 
3: #include <nokogiri.h>
/* end */

--------------------

